This is a test content written by write_code_tool.